Jan  9 09:34:42 localhost kernel: Linux version 6.19.0-rc4-next-20260109 (deydoux@deydoux) (gcc (GCC) 15.2.0, GNU ld (GNU Binutils) 2.45) #1 SMP PREEMPT_DYNAMIC Fri Jan  9 09:32:24 UTC 2026
Jan  9 09:34:42 localhost kernel: Command line: BOOT_IMAGE=/vmlinuz root=/dev/sda4 ro
Jan  9 09:34:42 localhost kernel: BIOS-provided physical RAM map:
Jan  9 09:34:42 localhost kernel: BIOS-e820: [mem 0x0000000000000000-0x000000000009fbff]  System RAM
Jan  9 09:34:42 localhost kernel: BIOS-e820: [mem 0x000000000009fc00-0x000000000009ffff]  device reserved
Jan  9 09:34:42 localhost kernel: BIOS-e820: [gap 0x00000000000a0000-0x00000000000effff]
Jan  9 09:34:42 localhost kernel: BIOS-e820: [mem 0x00000000000f0000-0x00000000000fffff]  device reserved
Jan  9 09:34:42 localhost kernel: BIOS-e820: [mem 0x0000000000100000-0x00000000dffeffff]  System RAM
Jan  9 09:34:42 localhost kernel: BIOS-e820: [mem 0x00000000dfff0000-0x00000000dfffffff]  ACPI data
Jan  9 09:34:42 localhost kernel: BIOS-e820: [gap 0x00000000e0000000-0x00000000febfffff]
Jan  9 09:34:42 localhost kernel: BIOS-e820: [mem 0x00000000fec00000-0x00000000fec00fff]  device reserved
Jan  9 09:34:42 localhost kernel: BIOS-e820: [gap 0x00000000fec01000-0x00000000fedfffff]
Jan  9 09:34:42 localhost kernel: BIOS-e820: [mem 0x00000000fee00000-0x00000000fee00fff]  device reserved
Jan  9 09:34:42 localhost kernel: BIOS-e820: [gap 0x00000000fee01000-0x00000000fffbffff]
Jan  9 09:34:42 localhost kernel: BIOS-e820: [mem 0x00000000fffc0000-0x00000000ffffffff]  device reserved
Jan  9 09:34:42 localhost kernel: BIOS-e820: [mem 0x0000000100000000-0x000000031fffffff]  System RAM
Jan  9 09:34:42 localhost kernel: NX (Execute Disable) protection: active
Jan  9 09:34:42 localhost kernel: APIC: Static calls initialized
Jan  9 09:34:42 localhost kernel: SMBIOS 2.5 present.
Jan  9 09:34:42 localhost kernel: DMI: innotek GmbH VirtualBox/VirtualBox, BIOS VirtualBox 12/01/2006
Jan  9 09:34:42 localhost kernel: DMI: Memory slots populated: 0/0
Jan  9 09:34:42 localhost kernel: Hypervisor detected: KVM
Jan  9 09:34:42 localhost kernel: last_pfn = 0xe0000 max_arch_pfn = 0x400000000
Jan  9 09:34:42 localhost kernel: kvm-clock: Using msrs 4b564d01 and 4b564d00
Jan  9 09:34:42 localhost kernel: kvm-clock: using sched offset of 4291958982 cycles
Jan  9 09:34:42 localhost kernel: clocksource: kvm-clock: mask: 0xffffffffffffffff max_cycles: 0x1cd42e4dffb, max_idle_ns: 881590591483 ns
Jan  9 09:34:42 localhost kernel: tsc: Detected 2111.998 MHz processor
Jan  9 09:34:42 localhost kernel: e820: update [mem 0x00000000-0x00000fff] System RAM ==> device reserved
Jan  9 09:34:42 localhost kernel: e820: remove [mem 0x000a0000-0x000fffff] System RAM
Jan  9 09:34:42 localhost kernel: last_pfn = 0x320000 max_arch_pfn = 0x400000000
Jan  9 09:34:42 localhost kernel: MTRRs disabled by BIOS
Jan  9 09:34:42 localhost kernel: x86/PAT: Configuration [0-7]: WB  WC  UC- UC  WB  WP  UC- WT
Jan  9 09:34:42 localhost kernel: last_pfn = 0xe0000 max_arch_pfn = 0x400000000
Jan  9 09:34:42 localhost kernel: found SMP MP-table at [mem 0x0009fff0-0x0009ffff]
Jan  9 09:34:42 localhost kernel: ACPI: Early table checksum verification disabled
Jan  9 09:34:42 localhost kernel: ACPI: RSDP 0x00000000000E0000 000024 (v02 VBOX  )
Jan  9 09:34:42 localhost kernel: ACPI: XSDT 0x00000000DFFF0030 00003C (v01 VBOX   VBOXXSDT 00000001 ASL  00000061)
Jan  9 09:34:42 localhost kernel: ACPI: FACP 0x00000000DFFF00F0 0000F4 (v04 VBOX   VBOXFACP 00000001 ASL  00000061)
Jan  9 09:34:42 localhost kernel: ACPI: DSDT 0x00000000DFFF06A0 002353 (v02 VBOX   VBOXBIOS 00000002 INTL 20200925)
Jan  9 09:34:42 localhost kernel: ACPI: FACS 0x00000000DFFF0200 000040
Jan  9 09:34:42 localhost last message buffered 1 times
Jan  9 09:34:42 localhost kernel: ACPI: APIC 0x00000000DFFF0240 0000EC (v02 VBOX   VBOXAPIC 00000001 ASL  00000061)
Jan  9 09:34:42 localhost kernel: ACPI: SSDT 0x00000000DFFF0330 00036C (v01 VBOX   VBOXCPUT 00000002 INTL 20200925)
Jan  9 09:34:42 localhost kernel: ACPI: Reserving FACP table memory at [mem 0xdfff00f0-0xdfff01e3]
Jan  9 09:34:42 localhost kernel: ACPI: Reserving DSDT table memory at [mem 0xdfff06a0-0xdfff29f2]
Jan  9 09:34:42 localhost kernel: ACPI: Reserving FACS table memory at [mem 0xdfff0200-0xdfff023f]
Jan  9 09:34:42 localhost last message buffered 1 times
Jan  9 09:34:42 localhost kernel: ACPI: Reserving APIC table memory at [mem 0xdfff0240-0xdfff032b]
Jan  9 09:34:42 localhost kernel: ACPI: Reserving SSDT table memory at [mem 0xdfff0330-0xdfff069b]
Jan  9 09:34:42 localhost kernel: No NUMA configuration found
Jan  9 09:34:42 localhost kernel: Faking a node at [mem 0x0000000000000000-0x000000031fffffff]
Jan  9 09:34:42 localhost kernel: NODE_DATA(0) allocated [mem 0x31fff4900-0x31fff7fff]
Jan  9 09:34:42 localhost kernel: ACPI: PM-Timer IO Port: 0x4008
Jan  9 09:34:42 localhost kernel: IOAPIC[0]: apic_id 20, version 32, address 0xfec00000, GSI 0-23
Jan  9 09:34:42 localhost kernel: ACPI: INT_SRC_OVR (bus 0 bus_irq 0 global_irq 2 dfl dfl)
Jan  9 09:34:42 localhost kernel: ACPI: INT_SRC_OVR (bus 0 bus_irq 9 global_irq 9 low level)
Jan  9 09:34:42 localhost kernel: ACPI: Using ACPI (MADT) for SMP configuration information
Jan  9 09:34:42 localhost kernel: CPU topo: Max. logical packages:   1
Jan  9 09:34:42 localhost kernel: CPU topo: Max. logical dies:       1
Jan  9 09:34:42 localhost kernel: CPU topo: Max. dies per package:   1
Jan  9 09:34:42 localhost kernel: CPU topo: Max. threads per core:   1
Jan  9 09:34:42 localhost kernel: CPU topo: Num. cores per package:    20
Jan  9 09:34:42 localhost kernel: CPU topo: Num. threads per package:  20
Jan  9 09:34:42 localhost kernel: CPU topo: Allowing 20 present CPUs plus 0 hotplug CPUs
Jan  9 09:34:42 localhost kernel: PM: hibernation: Registered nosave memory: [mem 0x00000000-0x00000fff]
Jan  9 09:34:42 localhost kernel: PM: hibernation: Registered nosave memory: [mem 0x0009f000-0x000fffff]
Jan  9 09:34:42 localhost kernel: PM: hibernation: Registered nosave memory: [mem 0xdfff0000-0xffffffff]
Jan  9 09:34:42 localhost kernel: [gap 0xe0000000-0xfebfffff] available for PCI devices
Jan  9 09:34:42 localhost kernel: Booting paravirtualized kernel on KVM
Jan  9 09:34:42 localhost kernel: clocksource: refined-jiffies: mask: 0xffffffff max_cycles: 0xffffffff, max_idle_ns: 1910969940391419 ns
Jan  9 09:34:42 localhost kernel: Zone ranges:
Jan  9 09:34:42 localhost kernel:   DMA      [mem 0x0000000000001000-0x0000000000ffffff]
Jan  9 09:34:42 localhost kernel:   DMA32    [mem 0x0000000001000000-0x00000000ffffffff]
Jan  9 09:34:42 localhost kernel:   Normal   [mem 0x0000000100000000-0x000000031fffffff]
Jan  9 09:34:42 localhost kernel: Movable zone start for each node
Jan  9 09:34:42 localhost kernel: Early memory node ranges
Jan  9 09:34:42 localhost kernel:   node   0: [mem 0x0000000000001000-0x000000000009efff]
Jan  9 09:34:42 localhost kernel:   node   0: [mem 0x0000000000100000-0x00000000dffeffff]
Jan  9 09:34:42 localhost kernel:   node   0: [mem 0x0000000100000000-0x000000031fffffff]
Jan  9 09:34:42 localhost kernel: Initmem setup node 0 [mem 0x0000000000001000-0x000000031fffffff]
Jan  9 09:34:42 localhost kernel: On node 0, zone DMA: 1 pages in unavailable ranges
Jan  9 09:34:42 localhost kernel: On node 0, zone DMA: 97 pages in unavailable ranges
Jan  9 09:34:42 localhost kernel: On node 0, zone Normal: 16 pages in unavailable ranges
Jan  9 09:34:42 localhost kernel: setup_percpu: NR_CPUS:64 nr_cpumask_bits:20 nr_cpu_ids:20 nr_node_ids:1
Jan  9 09:34:42 localhost kernel: percpu: Embedded 52 pages/cpu s175576 r8192 d29224 u262144
Jan  9 09:34:42 localhost kernel: pcpu-alloc: s175576 r8192 d29224 u262144 alloc=1*2097152
Jan  9 09:34:42 localhost kernel: pcpu-alloc: [0] 00 01 02 03 04 05 06 07 [0] 08 09 10 11 12 13 14 15
Jan  9 09:34:42 localhost kernel: pcpu-alloc: [0] 16 17 18 19 -- -- -- --
Jan  9 09:34:42 localhost kernel: Kernel command line: BOOT_IMAGE=/vmlinuz root=/dev/sda4 ro
Jan  9 09:34:42 localhost kernel: random: crng init done
Jan  9 09:34:42 localhost kernel: printk: log buffer data + meta data: 262144 + 917504 = 1179648 bytes
Jan  9 09:34:42 localhost kernel: Dentry cache hash table entries: 2097152 (order: 12, 16777216 bytes, linear)
Jan  9 09:34:42 localhost kernel: Inode-cache hash table entries: 1048576 (order: 11, 8388608 bytes, linear)
Jan  9 09:34:42 localhost kernel: software IO TLB: area num 32.
Jan  9 09:34:42 localhost kernel: Fallback order for Node 0: 0
Jan  9 09:34:42 localhost kernel: Built 1 zonelists, mobility grouping on.  Total pages: 3145614
Jan  9 09:34:42 localhost kernel: Policy zone: Normal
Jan  9 09:34:42 localhost kernel: mem auto-init: stack:all(zero), heap alloc:off, heap free:off
Jan  9 09:34:42 localhost kernel: SLUB: HWalign=64, Order=0-3, MinObjects=0, CPUs=20, Nodes=1
Jan  9 09:34:42 localhost kernel: Kernel/User page tables isolation: enabled
Jan  9 09:34:42 localhost kernel: Dynamic Preempt: voluntary
Jan  9 09:34:42 localhost kernel: rcu: Preemptible hierarchical RCU implementation.
Jan  9 09:34:42 localhost kernel: rcu: \x09RCU event tracing is enabled.
Jan  9 09:34:42 localhost kernel: rcu: \x09RCU restricting CPUs from NR_CPUS=64 to nr_cpu_ids=20.
Jan  9 09:34:42 localhost kernel: \x09Trampoline variant of Tasks RCU enabled.
Jan  9 09:34:42 localhost kernel: \x09Tracing variant of Tasks RCU enabled.
Jan  9 09:34:42 localhost kernel: rcu: RCU calculated value of scheduler-enlistment delay is 100 jiffies.
Jan  9 09:34:42 localhost kernel: rcu: Adjusting geometry for rcu_fanout_leaf=16, nr_cpu_ids=20
Jan  9 09:34:42 localhost kernel: RCU Tasks: Setting shift to 5 and lim to 1 rcu_task_cb_adjust=1 rcu_task_cpu_ids=20.
Jan  9 09:34:42 localhost kernel: NR_IRQS: 4352, nr_irqs: 584, preallocated irqs: 16
Jan  9 09:34:42 localhost kernel: rcu: srcu_init: Setting srcu_struct sizes based on contention.
Jan  9 09:34:42 localhost kernel: Console: colour dummy device 80x25
Jan  9 09:34:42 localhost kernel: printk: legacy console [tty0] enabled
Jan  9 09:34:42 localhost kernel: ACPI: Core revision 20250807
Jan  9 09:34:42 localhost kernel: APIC: Switch to symmetric I/O mode setup
Jan  9 09:34:42 localhost kernel: x2apic enabled
Jan  9 09:34:42 localhost kernel: APIC: Switched APIC routing to: physical x2apic
Jan  9 09:34:42 localhost kernel: ..TIMER: vector=0x30 apic1=0 pin1=2 apic2=-1 pin2=-1
Jan  9 09:34:42 localhost kernel: clocksource: tsc-early: mask: 0xffffffffffffffff max_cycles: 0x1e71768ef8b, max_idle_ns: 440795218977 ns
Jan  9 09:34:42 localhost kernel: Calibrating delay loop (skipped) preset value.. 4223.99 BogoMIPS (lpj=2111998)
Jan  9 09:34:42 localhost kernel: Last level iTLB entries: 4KB 0, 2MB 0, 4MB 0
Jan  9 09:34:42 localhost kernel: Last level dTLB entries: 4KB 0, 2MB 0, 4MB 0, 1GB 0
Jan  9 09:34:42 localhost kernel: mitigations: Enabled attack vectors: user_kernel, user_user, SMT mitigations: auto
Jan  9 09:34:42 localhost kernel: Speculative Store Bypass: Vulnerable
Jan  9 09:34:42 localhost kernel: Spectre V2 : Mitigation: Retpolines
Jan  9 09:34:42 localhost kernel: ITS: Mitigation: Aligned branch/return thunks
Jan  9 09:34:42 localhost kernel: MDS: Mitigation: Clear CPU buffers
Jan  9 09:34:42 localhost kernel: Spectre V1 : Mitigation: usercopy/swapgs barriers and __user pointer sanitization
Jan  9 09:34:42 localhost kernel: Spectre V2 : Spectre v2 / SpectreRSB: Filling RSB on context switch and VMEXIT
Jan  9 09:34:42 localhost kernel: active return thunk: its_return_thunk
Jan  9 09:34:42 localhost kernel: x86/fpu: Supporting XSAVE feature 0x001: 'x87 floating point registers'
Jan  9 09:34:42 localhost kernel: x86/fpu: Supporting XSAVE feature 0x002: 'SSE registers'
Jan  9 09:34:42 localhost kernel: x86/fpu: Supporting XSAVE feature 0x004: 'AVX registers'
Jan  9 09:34:42 localhost kernel: x86/fpu: xstate_offset[2]:  576, xstate_sizes[2]:  256
Jan  9 09:34:42 localhost kernel: x86/fpu: Enabled xstate features 0x7, context size is 832 bytes, using 'standard' format.
Jan  9 09:34:42 localhost kernel: Freeing SMP alternatives memory: 56K
Jan  9 09:34:42 localhost kernel: pid_max: default: 32768 minimum: 301
Jan  9 09:34:42 localhost kernel: SELinux:  Initializing.
Jan  9 09:34:42 localhost kernel: Mount-cache hash table entries: 32768 (order: 6, 262144 bytes, linear)
Jan  9 09:34:42 localhost kernel: Mountpoint-cache hash table entries: 32768 (order: 6, 262144 bytes, linear)
Jan  9 09:34:42 localhost kernel: APIC calibration not consistent with PM-Timer: 107ms instead of 100ms
Jan  9 09:34:42 localhost kernel: APIC delta adjusted to PM-Timer: 6366622 (6815492)
Jan  9 09:34:42 localhost kernel: smpboot: CPU0: 12th Gen Intel(R) Core(TM) i7-12700 (family: 0x6, model: 0x97, stepping: 0x2)
Jan  9 09:34:42 localhost kernel: Performance Events: unsupported CPU family 6 model 151 no PMU driver, software events only.
Jan  9 09:34:42 localhost kernel: signal: max sigframe size: 1776
Jan  9 09:34:42 localhost kernel: rcu: Hierarchical SRCU implementation.
Jan  9 09:34:42 localhost kernel: rcu: \x09Max phase no-delay instances is 400.
Jan  9 09:34:42 localhost kernel: Timer migration: 2 hierarchy levels; 8 children per group; 2 crossnode level
Jan  9 09:34:42 localhost kernel: smp: Bringing up secondary CPUs ...
Jan  9 09:34:42 localhost kernel: smpboot: x86: Booting SMP configuration:
Jan  9 09:34:42 localhost kernel: .... node  #0, CPUs:        #1  #2  #3  #4  #5  #6  #7  #8  #9 #10 #11 #12 #13 #14 #15 #16 #17 #18 #19
Jan  9 09:34:42 localhost kernel: smp: Brought up 1 node, 20 CPUs
Jan  9 09:34:42 localhost kernel: smpboot: Total of 20 processors activated (84479.92 BogoMIPS)
Jan  9 09:34:42 localhost kernel: Memory: 12240552K/12582456K available (19235K kernel code, 2919K rwdata, 7644K rodata, 2848K init, 760K bss, 333516K reserved, 0K cma-reserved)
Jan  9 09:34:42 localhost kernel: devtmpfs: initialized
Jan  9 09:34:42 localhost kernel: clocksource: jiffies: mask: 0xffffffff max_cycles: 0xffffffff, max_idle_ns: 1911260446275000 ns
Jan  9 09:34:42 localhost kernel: posixtimers hash table entries: 16384 (order: 6, 262144 bytes, linear)
Jan  9 09:34:42 localhost kernel: futex hash table entries: 8192 (524288 bytes on 1 NUMA nodes, total 512 KiB, linear).
Jan  9 09:34:42 localhost kernel: PM: RTC time: 09:34:43, date: 2026-01-09
Jan  9 09:34:42 localhost kernel: NET: Registered PF_NETLINK/PF_ROUTE protocol family
Jan  9 09:34:42 localhost kernel: audit: initializing netlink subsys (disabled)
Jan  9 09:34:42 localhost kernel: audit: type=2000 audit(1767951288.900:1): state=initialized audit_enabled=0 res=1
Jan  9 09:34:42 localhost kernel: thermal_sys: Registered thermal governor 'step_wise'
Jan  9 09:34:42 localhost kernel: cpuidle: using governor menu
Jan  9 09:34:42 localhost kernel: PCI: Using configuration type 1 for base access
Jan  9 09:34:42 localhost kernel: kprobes: kprobe jump-optimization is enabled. All kprobes are optimized if possible.
Jan  9 09:34:42 localhost kernel: HugeTLB: registered 2.00 MiB page size, pre-allocated 0 pages
Jan  9 09:34:42 localhost kernel: HugeTLB: 28 KiB vmemmap can be freed for a 2.00 MiB page
Jan  9 09:34:42 localhost kernel: ACPI: Added _OSI(Module Device)
Jan  9 09:34:42 localhost kernel: ACPI: Added _OSI(Processor Device)
Jan  9 09:34:42 localhost kernel: ACPI: Added _OSI(Processor Aggregator Device)
Jan  9 09:34:42 localhost kernel: ACPI: 2 ACPI AML tables successfully acquired and loaded
Jan  9 09:34:42 localhost kernel: ACPI: \x5c_SB_: platform _OSC: OS support mask [002a7eee]
Jan  9 09:34:42 localhost kernel: ACPI: Interpreter enabled
Jan  9 09:34:42 localhost kernel: ACPI: PM: (supports S0 S5)
Jan  9 09:34:42 localhost kernel: ACPI: Using IOAPIC for interrupt routing
Jan  9 09:34:42 localhost kernel: PCI: Using host bridge windows from ACPI; if necessary, use "pci=nocrs" and report a bug
Jan  9 09:34:42 localhost kernel: PCI: Using E820 reservations for host bridge windows
Jan  9 09:34:42 localhost kernel: ACPI: Enabled 2 GPEs in block 00 to 07
Jan  9 09:34:42 localhost kernel: ACPI: PCI Root Bridge [PCI0] (domain 0000 [bus 00-ff])
Jan  9 09:34:42 localhost kernel: acpi PNP0A03:00: _OSC: OS supports [ASPM ClockPM Segments MSI HPX-Type3]
Jan  9 09:34:42 localhost kernel: acpi PNP0A03:00: _OSC: not requesting OS control; OS requires [ExtendedConfig ASPM ClockPM MSI]
Jan  9 09:34:42 localhost kernel: acpi PNP0A03:00: fail to add MMCONFIG information, can't access extended configuration space under this bridge
Jan  9 09:34:42 localhost kernel: PCI host bridge to bus 0000:00
Jan  9 09:34:42 localhost kernel: pci_bus 0000:00: root bus resource [io  0x0000-0x0cf7 window]
Jan  9 09:34:42 localhost kernel: pci_bus 0000:00: root bus resource [io  0x0d00-0xffff window]
Jan  9 09:34:42 localhost kernel: pci_bus 0000:00: root bus resource [mem 0x000a0000-0x000bffff window]
Jan  9 09:34:42 localhost kernel: pci_bus 0000:00: root bus resource [mem 0xe0000000-0xfdffffff window]
Jan  9 09:34:42 localhost kernel: pci_bus 0000:00: root bus resource [bus 00-ff]
Jan  9 09:34:42 localhost kernel: pci 0000:00:00.0: [8086:1237] type 00 class 0x060000 conventional PCI endpoint
Jan  9 09:34:42 localhost kernel: pci 0000:00:01.0: [8086:7000] type 00 class 0x060100 conventional PCI endpoint
Jan  9 09:34:42 localhost kernel: pci 0000:00:01.1: [8086:7111] type 00 class 0x01018a conventional PCI endpoint
Jan  9 09:34:42 localhost kernel: pci 0000:00:01.1: BAR 4 [io  0xd000-0xd00f]
Jan  9 09:34:42 localhost kernel: pci 0000:00:01.1: BAR 0 [io  0x01f0-0x01f7]: legacy IDE quirk
Jan  9 09:34:42 localhost kernel: pci 0000:00:01.1: BAR 1 [io  0x03f6]: legacy IDE quirk
Jan  9 09:34:42 localhost kernel: pci 0000:00:01.1: BAR 2 [io  0x0170-0x0177]: legacy IDE quirk
Jan  9 09:34:42 localhost kernel: pci 0000:00:01.1: BAR 3 [io  0x0376]: legacy IDE quirk
Jan  9 09:34:42 localhost kernel: pci 0000:00:02.0: [15ad:0405] type 00 class 0x030000 conventional PCI endpoint
Jan  9 09:34:42 localhost kernel: pci 0000:00:02.0: BAR 0 [io  0xd010-0xd01f]
Jan  9 09:34:42 localhost kernel: pci 0000:00:02.0: BAR 1 [mem 0xe0000000-0xe0ffffff pref]
Jan  9 09:34:42 localhost kernel: pci 0000:00:02.0: BAR 2 [mem 0xf0000000-0xf01fffff]
Jan  9 09:34:42 localhost kernel: pci 0000:00:02.0: Video device with shadowed ROM at [mem 0x000c0000-0x000dffff]
Jan  9 09:34:42 localhost kernel: pci 0000:00:03.0: [8086:100e] type 00 class 0x020000 conventional PCI endpoint
Jan  9 09:34:42 localhost kernel: pci 0000:00:03.0: BAR 0 [mem 0xf0200000-0xf021ffff]
Jan  9 09:34:42 localhost kernel: pci 0000:00:03.0: BAR 2 [io  0xd020-0xd027]
Jan  9 09:34:42 localhost kernel: pci 0000:00:04.0: [80ee:cafe] type 00 class 0x088000 conventional PCI endpoint
Jan  9 09:34:42 localhost kernel: pci 0000:00:04.0: BAR 0 [io  0xd040-0xd05f]
Jan  9 09:34:42 localhost kernel: pci 0000:00:04.0: BAR 1 [mem 0xf0400000-0xf07fffff]
Jan  9 09:34:42 localhost kernel: pci 0000:00:04.0: BAR 2 [mem 0xf0800000-0xf0803fff pref]
Jan  9 09:34:42 localhost kernel: pci 0000:00:05.0: [8086:2415] type 00 class 0x040100 conventional PCI endpoint
Jan  9 09:34:42 localhost kernel: pci 0000:00:05.0: BAR 0 [io  0xd100-0xd1ff]
Jan  9 09:34:42 localhost kernel: pci 0000:00:05.0: BAR 1 [io  0xd200-0xd23f]
Jan  9 09:34:42 localhost kernel: pci 0000:00:06.0: [106b:003f] type 00 class 0x0c0310 conventional PCI endpoint
Jan  9 09:34:42 localhost kernel: pci 0000:00:06.0: BAR 0 [mem 0xf0804000-0xf0804fff]
Jan  9 09:34:42 localhost kernel: pci 0000:00:07.0: [8086:7113] type 00 class 0x068000 conventional PCI endpoint
Jan  9 09:34:42 localhost kernel: pci 0000:00:07.0: quirk: [io  0x4000-0x403f] claimed by PIIX4 ACPI
Jan  9 09:34:42 localhost kernel: pci 0000:00:07.0: quirk: [io  0x4100-0x410f] claimed by PIIX4 SMB
Jan  9 09:34:42 localhost kernel: pci 0000:00:0b.0: [8086:265c] type 00 class 0x0c0320 conventional PCI endpoint
Jan  9 09:34:42 localhost kernel: pci 0000:00:0b.0: BAR 0 [mem 0xf0805000-0xf0805fff]
Jan  9 09:34:42 localhost kernel: pci 0000:00:0d.0: [8086:2829] type 00 class 0x010601 conventional PCI endpoint
Jan  9 09:34:42 localhost kernel: pci 0000:00:0d.0: BAR 0 [io  0xd240-0xd247]
Jan  9 09:34:42 localhost kernel: pci 0000:00:0d.0: BAR 1 [io  0xd248-0xd24b]
Jan  9 09:34:42 localhost kernel: pci 0000:00:0d.0: BAR 2 [io  0xd250-0xd257]
Jan  9 09:34:42 localhost kernel: pci 0000:00:0d.0: BAR 3 [io  0xd258-0xd25b]
Jan  9 09:34:42 localhost kernel: pci 0000:00:0d.0: BAR 4 [io  0xd260-0xd26f]
Jan  9 09:34:42 localhost kernel: pci 0000:00:0d.0: BAR 5 [mem 0xf0806000-0xf0807fff]
Jan  9 09:34:42 localhost kernel: ACPI: PCI: Interrupt link LNKA configured for IRQ 11
Jan  9 09:34:42 localhost kernel: ACPI: PCI: Interrupt link LNKB configured for IRQ 10
Jan  9 09:34:42 localhost kernel: ACPI: PCI: Interrupt link LNKC configured for IRQ 9
Jan  9 09:34:42 localhost kernel: ACPI: PCI: Interrupt link LNKD configured for IRQ 11
Jan  9 09:34:42 localhost kernel: iommu: Default domain type: Translated
Jan  9 09:34:42 localhost kernel: iommu: DMA domain TLB invalidation policy: lazy mode
Jan  9 09:34:42 localhost kernel: SCSI subsystem initialized
Jan  9 09:34:42 localhost kernel: libata version 3.00 loaded.
Jan  9 09:34:42 localhost kernel: ACPI: bus type USB registered
Jan  9 09:34:42 localhost kernel: usbcore: registered new interface driver usbfs
Jan  9 09:34:42 localhost kernel: usbcore: registered new interface driver hub
Jan  9 09:34:42 localhost kernel: usbcore: registered new device driver usb
Jan  9 09:34:42 localhost kernel: pps_core: LinuxPPS API ver. 1 registered
Jan  9 09:34:42 localhost kernel: pps_core: Software ver. 5.3.6 - Copyright 2005-2007 Rodolfo Giometti <giometti@linux.it>
Jan  9 09:34:42 localhost kernel: PTP clock support registered
Jan  9 09:34:42 localhost kernel: Advanced Linux Sound Architecture Driver Initialized.
Jan  9 09:34:42 localhost kernel: NetLabel: Initializing
Jan  9 09:34:42 localhost kernel: NetLabel:  domain hash size = 128
Jan  9 09:34:42 localhost kernel: NetLabel:  protocols = UNLABELED CIPSOv4 CALIPSO
Jan  9 09:34:42 localhost kernel: NetLabel:  unlabeled traffic allowed by default
Jan  9 09:34:42 localhost kernel: PCI: Using ACPI for IRQ routing
Jan  9 09:34:42 localhost kernel: PCI: pci_cache_line_size set to 64 bytes
Jan  9 09:34:42 localhost kernel: e820: register RAM buffer resource [mem 0x0009fc00-0x0009ffff]
Jan  9 09:34:42 localhost kernel: e820: register RAM buffer resource [mem 0xdfff0000-0xdfffffff]
Jan  9 09:34:42 localhost kernel: pci 0000:00:02.0: vgaarb: setting as boot VGA device
Jan  9 09:34:42 localhost kernel: pci 0000:00:02.0: vgaarb: bridge control possible
Jan  9 09:34:42 localhost kernel: pci 0000:00:02.0: vgaarb: VGA device added: decodes=io+mem,owns=io+mem,locks=none
Jan  9 09:34:42 localhost kernel: vgaarb: loaded
Jan  9 09:34:42 localhost kernel: clocksource: Switched to clocksource kvm-clock
Jan  9 09:34:42 localhost kernel: VFS: Disk quotas dquot_6.6.0
Jan  9 09:34:42 localhost kernel: VFS: Dquot-cache hash table entries: 512 (order 0, 4096 bytes)
Jan  9 09:34:42 localhost kernel: pnp: PnP ACPI init
Jan  9 09:34:42 localhost kernel: pnp: PnP ACPI: found 2 devices
Jan  9 09:34:42 localhost kernel: clocksource: acpi_pm: mask: 0xffffff max_cycles: 0xffffff, max_idle_ns: 2085701024 ns
Jan  9 09:34:42 localhost kernel: NET: Registered PF_INET protocol family
Jan  9 09:34:42 localhost kernel: IP idents hash table entries: 262144 (order: 9, 2097152 bytes, linear)
Jan  9 09:34:42 localhost kernel: tcp_listen_portaddr_hash hash table entries: 8192 (order: 5, 131072 bytes, linear)
Jan  9 09:34:42 localhost kernel: Table-perturb hash table entries: 65536 (order: 6, 262144 bytes, linear)
Jan  9 09:34:42 localhost kernel: TCP established hash table entries: 131072 (order: 8, 1048576 bytes, linear)
Jan  9 09:34:42 localhost kernel: TCP bind hash table entries: 65536 (order: 9, 2097152 bytes, linear)
Jan  9 09:34:42 localhost kernel: TCP: Hash tables configured (established 131072 bind 65536)
Jan  9 09:34:42 localhost kernel: UDP hash table entries: 8192 (order: 7, 524288 bytes, linear)
Jan  9 09:34:42 localhost kernel: UDP-Lite hash table entries: 8192 (order: 7, 524288 bytes, linear)
Jan  9 09:34:42 localhost kernel: NET: Registered PF_UNIX/PF_LOCAL protocol family
Jan  9 09:34:42 localhost kernel: RPC: Registered named UNIX socket transport module.
Jan  9 09:34:42 localhost kernel: RPC: Registered udp transport module.
Jan  9 09:34:42 localhost kernel: RPC: Registered tcp transport module.
Jan  9 09:34:42 localhost kernel: RPC: Registered tcp-with-tls transport module.
Jan  9 09:34:42 localhost kernel: RPC: Registered tcp NFSv4.1 backchannel transport module.
Jan  9 09:34:42 localhost kernel: pci_bus 0000:00: resource 4 [io  0x0000-0x0cf7 window]
Jan  9 09:34:42 localhost kernel: pci_bus 0000:00: resource 5 [io  0x0d00-0xffff window]
Jan  9 09:34:42 localhost kernel: pci_bus 0000:00: resource 6 [mem 0x000a0000-0x000bffff window]
Jan  9 09:34:42 localhost kernel: pci_bus 0000:00: resource 7 [mem 0xe0000000-0xfdffffff window]
Jan  9 09:34:42 localhost kernel: pci 0000:00:00.0: Limiting direct PCI/PCI transfers
Jan  9 09:34:42 localhost kernel: PCI: CLS 0 bytes, default 64
Jan  9 09:34:42 localhost kernel: PCI-DMA: Using software bounce buffering for IO (SWIOTLB)
Jan  9 09:34:42 localhost kernel: software IO TLB: mapped [mem 0x00000000dbff0000-0x00000000dfff0000] (64MB)
Jan  9 09:34:42 localhost kernel: RAPL PMU: API unit is 2^-32 Joules, 0 fixed counters, 10737418240 ms ovfl timer
Jan  9 09:34:42 localhost kernel: clocksource: tsc: mask: 0xffffffffffffffff max_cycles: 0x1e71768ef8b, max_idle_ns: 440795218977 ns
Jan  9 09:34:42 localhost kernel: clocksource: Switched to clocksource tsc
Jan  9 09:34:42 localhost kernel: platform rtc_cmos: registered platform RTC device (no PNP device found)
Jan  9 09:34:42 localhost kernel: Initialise system trusted keyrings
Jan  9 09:34:42 localhost kernel: workingset: timestamp_bits=40 max_order=22 bucket_order=0
Jan  9 09:34:42 localhost kernel: NFS: Registering the id_resolver key type
Jan  9 09:34:42 localhost kernel: Key type id_resolver registered
Jan  9 09:34:42 localhost kernel: Key type id_legacy registered
Jan  9 09:34:42 localhost kernel: 9p: Installing v9fs 9p2000 file system support
Jan  9 09:34:42 localhost kernel: Key type asymmetric registered
Jan  9 09:34:42 localhost kernel: Asymmetric key parser 'x509' registered
Jan  9 09:34:42 localhost kernel: Block layer SCSI generic (bsg) driver version 0.4 loaded (major 251)
Jan  9 09:34:42 localhost kernel: io scheduler mq-deadline registered
Jan  9 09:34:42 localhost kernel: io scheduler kyber registered
Jan  9 09:34:42 localhost kernel: ACPI: AC: AC Adapter [AC] (on-line)
Jan  9 09:34:42 localhost kernel: input: Power Button as /devices/platform/LNXPWRBN:00/input/input0
Jan  9 09:34:42 localhost kernel: ACPI: button: Power Button [PWRF]
Jan  9 09:34:42 localhost kernel: input: Sleep Button as /devices/platform/LNXSLPBN:00/input/input1
Jan  9 09:34:42 localhost kernel: ACPI: button: Sleep Button [SLPF]
Jan  9 09:34:42 localhost kernel: ACPI: video: Video Device [GFX0] (multi-head: yes  rom: no  post: no)
Jan  9 09:34:42 localhost kernel: input: Video Bus as /devices/pci0000:00/LNXVIDEO:00/input/input2
Jan  9 09:34:42 localhost kernel: Serial: 8250/16550 driver, 4 ports, IRQ sharing enabled
Jan  9 09:34:42 localhost kernel: Non-volatile memory driver v1.3
Jan  9 09:34:42 localhost kernel: Linux agpgart interface v0.103
Jan  9 09:34:42 localhost kernel: ACPI: bus type drm_connector registered
Jan  9 09:34:42 localhost kernel: loop: module loaded
Jan  9 09:34:42 localhost kernel: ahci 0000:00:0d.0: SSS flag set, parallel bus scan disabled
Jan  9 09:34:42 localhost kernel: ahci 0000:00:0d.0: AHCI vers 0001.0100, 32 command slots, 3 Gbps, SATA mode
Jan  9 09:34:42 localhost kernel: ahci 0000:00:0d.0: 1/1 ports implemented (port mask 0x1)
Jan  9 09:34:42 localhost kernel: ahci 0000:00:0d.0: flags: 64bit ncq stag only ccc
Jan  9 09:34:42 localhost kernel: scsi host0: ahci
Jan  9 09:34:42 localhost kernel: ata1: SATA max UDMA/133 abar m8192@0xf0806000 port 0xf0806100 irq 21 lpm-pol 1
Jan  9 09:34:42 localhost kernel: scsi host1: ata_piix
Jan  9 09:34:42 localhost kernel: scsi host2: ata_piix
Jan  9 09:34:42 localhost kernel: ata2: PATA max UDMA/33 cmd 0x1f0 ctl 0x3f6 bmdma 0xd000 irq 14 lpm-pol 0
Jan  9 09:34:42 localhost kernel: ata3: PATA max UDMA/33 cmd 0x170 ctl 0x376 bmdma 0xd008 irq 15 lpm-pol 0
Jan  9 09:34:42 localhost kernel: e100: Intel(R) PRO/100 Network Driver
Jan  9 09:34:42 localhost kernel: e100: Copyright(c) 1999-2006 Intel Corporation
Jan  9 09:34:42 localhost kernel: e1000: Intel(R) PRO/1000 Network Driver
Jan  9 09:34:42 localhost kernel: e1000: Copyright (c) 1999-2006 Intel Corporation.
Jan  9 09:34:42 localhost kernel: ata3.00: ATAPI: VBOX CD-ROM, 1.0, max UDMA/133
Jan  9 09:34:42 localhost kernel: ata1: SATA link up 3.0 Gbps (SStatus 123 SControl 300)
Jan  9 09:34:42 localhost kernel: ata1.00: ATA-6: VBOX HARDDISK, 1.0, max UDMA/133
Jan  9 09:34:42 localhost kernel: ata1.00: 134217728 sectors, multi 128: LBA48 NCQ (depth 32)
Jan  9 09:34:42 localhost kernel: ata1.00: configured for UDMA/133
Jan  9 09:34:42 localhost kernel: scsi 0:0:0:0: Direct-Access     ATA      VBOX HARDDISK    1.0  PQ: 0 ANSI: 5
Jan  9 09:34:42 localhost kernel: scsi 0:0:0:0: Attached scsi generic sg0 type 0
Jan  9 09:34:42 localhost kernel: sd 0:0:0:0: [sda] 134217728 512-byte logical blocks: (68.7 GB/64.0 GiB)
Jan  9 09:34:42 localhost kernel: sd 0:0:0:0: [sda] Write Protect is off
Jan  9 09:34:42 localhost kernel: sd 0:0:0:0: [sda] Mode Sense: 00 3a 00 00
Jan  9 09:34:42 localhost kernel: sd 0:0:0:0: [sda] Write cache: enabled, read cache: enabled, doesn't support DPO or FUA
Jan  9 09:34:42 localhost kernel: sd 0:0:0:0: [sda] Preferred minimum I/O size 512 bytes
Jan  9 09:34:42 localhost kernel: scsi 2:0:0:0: CD-ROM            VBOX     CD-ROM           1.0  PQ: 0 ANSI: 5
Jan  9 09:34:42 localhost kernel: e1000 0000:00:03.0 eth0: (PCI:33MHz:32-bit) 08:00:27:52:ae:d9
Jan  9 09:34:42 localhost kernel: e1000 0000:00:03.0 eth0: Intel(R) PRO/1000 Network Connection
Jan  9 09:34:42 localhost kernel: e1000e: Intel(R) PRO/1000 Network Driver
Jan  9 09:34:42 localhost kernel: e1000e: Copyright(c) 1999 - 2015 Intel Corporation.
Jan  9 09:34:42 localhost kernel: sky2: driver version 1.30
Jan  9 09:34:42 localhost kernel: ehci-pci 0000:00:0b.0: EHCI Host Controller
Jan  9 09:34:42 localhost kernel: ehci-pci 0000:00:0b.0: new USB bus registered, assigned bus number 1
Jan  9 09:34:42 localhost kernel: ehci-pci 0000:00:0b.0: irq 19, io mem 0xf0805000
Jan  9 09:34:42 localhost kernel: ehci-pci 0000:00:0b.0: USB 2.0 started, EHCI 1.00
Jan  9 09:34:42 localhost kernel: usb usb1: New USB device found, idVendor=1d6b, idProduct=0002, bcdDevice= 6.19
Jan  9 09:34:42 localhost kernel: usb usb1: New USB device strings: Mfr=3, Product=2, SerialNumber=1
Jan  9 09:34:42 localhost kernel: usb usb1: Product: EHCI Host Controller
Jan  9 09:34:42 localhost kernel: usb usb1: Manufacturer: Linux 6.19.0-rc4-next-20260109 ehci_hcd
Jan  9 09:34:42 localhost kernel: usb usb1: SerialNumber: 0000:00:0b.0
Jan  9 09:34:42 localhost kernel:  sda: sda1 sda2 sda3 sda4
Jan  9 09:34:42 localhost kernel: hub 1-0:1.0: USB hub found
Jan  9 09:34:42 localhost kernel: hub 1-0:1.0: 12 ports detected
Jan  9 09:34:42 localhost kernel: sd 0:0:0:0: [sda] Attached SCSI disk
Jan  9 09:34:42 localhost kernel: ohci-pci 0000:00:06.0: OHCI PCI host controller
Jan  9 09:34:42 localhost kernel: ohci-pci 0000:00:06.0: new USB bus registered, assigned bus number 2
Jan  9 09:34:42 localhost kernel: ohci-pci 0000:00:06.0: irq 22, io mem 0xf0804000
Jan  9 09:34:43 localhost kernel: usb usb2: New USB device found, idVendor=1d6b, idProduct=0001, bcdDevice= 6.19
Jan  9 09:34:43 localhost kernel: usb usb2: New USB device strings: Mfr=3, Product=2, SerialNumber=1
Jan  9 09:34:43 localhost kernel: usb usb2: Product: OHCI PCI host controller
Jan  9 09:34:43 localhost kernel: usb usb2: Manufacturer: Linux 6.19.0-rc4-next-20260109 ohci_hcd
Jan  9 09:34:43 localhost kernel: usb usb2: SerialNumber: 0000:00:06.0
Jan  9 09:34:43 localhost kernel: hub 2-0:1.0: USB hub found
Jan  9 09:34:43 localhost kernel: hub 2-0:1.0: 12 ports detected
Jan  9 09:34:43 localhost kernel: usbcore: registered new interface driver usblp
Jan  9 09:34:43 localhost kernel: usbcore: registered new interface driver usb-storage
Jan  9 09:34:43 localhost kernel: i8042: PNP: PS/2 Controller [PNP0303:PS2K,PNP0f03:PS2M] at 0x60,0x64 irq 1,12
Jan  9 09:34:43 localhost kernel: serio: i8042 KBD port at 0x60,0x64 irq 1
Jan  9 09:34:43 localhost kernel: serio: i8042 AUX port at 0x60,0x64 irq 12
Jan  9 09:34:43 localhost kernel: rtc_cmos rtc_cmos: registered as rtc0
Jan  9 09:34:43 localhost kernel: rtc_cmos rtc_cmos: alarms up to one day, 114 bytes nvram
Jan  9 09:34:43 localhost kernel: device-mapper: ioctl: 4.50.0-ioctl (2025-04-28) initialised: dm-devel@lists.linux.dev
Jan  9 09:34:43 localhost kernel: intel_pstate: CPU model not supported
Jan  9 09:34:43 localhost kernel: input: AT Translated Set 2 keyboard as /devices/platform/i8042/serio0/input/input3
Jan  9 09:34:43 localhost kernel: simple-framebuffer simple-framebuffer.0: [drm] Registered 1 planes with drm panic
Jan  9 09:34:43 localhost kernel: [drm] Initialized simpledrm 1.0.0 for simple-framebuffer.0 on minor 0
Jan  9 09:34:43 localhost kernel: Console: switching to colour frame buffer device 128x48
Jan  9 09:34:43 localhost kernel: simple-framebuffer simple-framebuffer.0: [drm] fb0: simpledrmdrmfb frame buffer device
Jan  9 09:34:43 localhost kernel: hid: raw HID events driver (C) Jiri Kosina
Jan  9 09:34:43 localhost kernel: usbcore: registered new interface driver usbhid
Jan  9 09:34:43 localhost kernel: usbhid: USB HID core driver
Jan  9 09:34:43 localhost kernel: Initializing XFRM netlink socket
Jan  9 09:34:43 localhost kernel: NET: Registered PF_INET6 protocol family
Jan  9 09:34:43 localhost kernel: Segment Routing with IPv6
Jan  9 09:34:43 localhost kernel: In-situ OAM (IOAM) with IPv6
Jan  9 09:34:43 localhost kernel: sit: IPv6, IPv4 and MPLS over IPv4 tunneling driver
Jan  9 09:34:43 localhost kernel: NET: Registered PF_PACKET protocol family
Jan  9 09:34:43 localhost kernel: 9pnet: Installing 9P2000 support
Jan  9 09:34:43 localhost kernel: Key type dns_resolver registered
Jan  9 09:34:43 localhost kernel: sr 2:0:0:0: [sr0] scsi3-mmc drive: 32x/32x xa/form2 tray
Jan  9 09:34:43 localhost kernel: cdrom: Uniform CD-ROM driver Revision: 3.20
Jan  9 09:34:43 localhost kernel: input: ImExPS/2 Generic Explorer Mouse as /devices/platform/i8042/serio1/input/input5
Jan  9 09:34:43 localhost kernel: IPI shorthand broadcast: enabled
Jan  9 09:34:43 localhost kernel: sched_clock: Marking stable (1057054533, 1435210)->(1096706029, -38216286)
Jan  9 09:34:43 localhost kernel: registered taskstats version 1
Jan  9 09:34:43 localhost kernel: Loading compiled-in X.509 certificates
Jan  9 09:34:43 localhost kernel: Demotion targets for Node 0: null
Jan  9 09:34:43 localhost kernel: PM:   Magic number: 10:626:575
Jan  9 09:34:43 localhost kernel:  workqueue: hash matches
Jan  9 09:34:43 localhost kernel: netconsole: network logging started
Jan  9 09:34:43 localhost kernel: cfg80211: Loading compiled-in X.509 certificates for regulatory database
Jan  9 09:34:43 localhost kernel: kworker/u81:1 (181) used greatest stack depth: 14008 bytes left
Jan  9 09:34:43 localhost kernel: Loaded X.509 cert 'sforshee: 00b28ddf47aef9cea7'
Jan  9 09:34:43 localhost kernel: Loaded X.509 cert 'wens: 61c038651aabdcf94bd0ac7ff06c7248db18c600'
Jan  9 09:34:43 localhost kernel: ALSA device list:
Jan  9 09:34:43 localhost kernel:   No soundcards found.
Jan  9 09:34:43 localhost kernel: check access for rdinit=/init failed: -2, ignoring
Jan  9 09:34:43 localhost kernel: faux_driver regulatory: Direct firmware load for regulatory.db failed with error -2
Jan  9 09:34:43 localhost kernel: cfg80211: failed to load regulatory.db
Jan  9 09:34:44 localhost kernel: sr 2:0:0:0: Attached scsi CD-ROM sr0
Jan  9 09:34:44 localhost kernel: sr 2:0:0:0: Attached scsi generic sg1 type 5
Jan  9 09:34:44 localhost kernel: md: Waiting for all devices to be available before autodetect
Jan  9 09:34:44 localhost kernel: md: If you don't use raid, use raid=noautodetect
Jan  9 09:34:44 localhost kernel: md: Autodetecting RAID arrays.
Jan  9 09:34:44 localhost kernel: md: autorun ...
Jan  9 09:34:44 localhost kernel: md: ... autorun DONE.
Jan  9 09:34:44 localhost kernel: EXT4-fs (sda4): orphan cleanup on readonly fs
Jan  9 09:34:44 localhost kernel: EXT4-fs (sda4): mounted filesystem bd2c608c-628d-4f07-8731-35207f1d6ce1 ro with ordered data mode. Quota mode: none.
Jan  9 09:34:44 localhost kernel: VFS: Mounted root (ext4 filesystem) readonly on device 8:4.
Jan  9 09:34:44 localhost kernel: devtmpfs: mounted
Jan  9 09:34:44 localhost kernel: Freeing unused kernel image (initmem) memory: 2848K
Jan  9 09:34:44 localhost kernel: Write protecting the kernel read-only data: 28672k
Jan  9 09:34:44 localhost kernel: Freeing unused kernel image (text/rodata gap) memory: 1244K
Jan  9 09:34:44 localhost kernel: Freeing unused kernel image (rodata/data gap) memory: 548K
Jan  9 09:34:44 localhost kernel: x86/mm: Checked W+X mappings: passed, no W+X pages found.
Jan  9 09:34:44 localhost kernel: x86/mm: Checking user space page tables
Jan  9 09:34:44 localhost kernel: x86/mm: Checked W+X mappings: passed, no W+X pages found.
Jan  9 09:34:44 localhost kernel: Run /sbin/init as init process
Jan  9 09:34:44 localhost kernel:   with arguments:
Jan  9 09:34:44 localhost kernel:     /sbin/init
Jan  9 09:34:44 localhost kernel:   with environment:
Jan  9 09:34:44 localhost kernel:     HOME=/
Jan  9 09:34:44 localhost kernel:     TERM=linux
Jan  9 09:34:44 localhost kernel: usb 2-1: new full-speed USB device number 2 using ohci-pci
Jan  9 09:34:44 localhost kernel: stty (204) used greatest stack depth: 12752 bytes left
Jan  9 09:34:44 localhost kernel: dmesg (205) used greatest stack depth: 12672 bytes left
Jan  9 09:34:44 localhost kernel: ls (207) used greatest stack depth: 12592 bytes left
Jan  9 09:34:44 localhost kernel: sed (217) used greatest stack depth: 12536 bytes left
Jan  9 09:34:44 localhost kernel: sed (241) used greatest stack depth: 12440 bytes left
Jan  9 09:34:44 localhost kernel: sed (284) used greatest stack depth: 12344 bytes left
Jan  9 09:34:44 localhost kernel: usb 2-1: New USB device found, idVendor=80ee, idProduct=0021, bcdDevice= 1.00
Jan  9 09:34:44 localhost kernel: usb 2-1: New USB device strings: Mfr=1, Product=3, SerialNumber=0
Jan  9 09:34:44 localhost kernel: usb 2-1: Product: USB Tablet
Jan  9 09:34:44 localhost kernel: usb 2-1: Manufacturer: VirtualBox
Jan  9 09:34:44 localhost kernel: input: VirtualBox USB Tablet as /devices/pci0000:00/0000:00:06.0/usb2/2-1/2-1:1.0/0003:80EE:0021.0001/input/input6
Jan  9 09:34:44 localhost kernel: hid-generic 0003:80EE:0021.0001: input,hidraw0: USB HID v1.10 Mouse [VirtualBox USB Tablet] on usb-0000:00:06.0-1/input0
Jan  9 09:34:44 localhost kernel: e1000 0000:00:03.0 enp0s3: renamed from eth0
Jan  9 09:34:52 localhost kernel: Adding 2097148k swap on /dev/sda3.  Priority:1 extents:1 across:2097148k
Jan  9 09:34:53 localhost kernel: EXT4-fs (sda4): re-mounted bd2c608c-628d-4f07-8731-35207f1d6ce1.
Jan  9 09:34:53 localhost kernel: EXT4-fs (sda4): re-mounted bd2c608c-628d-4f07-8731-35207f1d6ce1 r/w.
Jan  9 09:34:53 localhost kernel: EXT4-fs (sda2): mounted filesystem bcaef863-f05e-4238-afd8-53f37e3843ad r/w with ordered data mode. Quota mode: none.
Jan  9 09:34:55 localhost kernel: e1000: enp0s3 NIC Link is Up 1000 Mbps Full Duplex, Flow Control: RX
